2026-09-03T17:41:30Z  INFO   5.4  fql-scan  params  rules=/Users/thome/code/fhir-profiling/tools/migration-mtb/agent-skills/skills/mii-ig-migration/references/fql-rules.tsv  targets= input/pagecontent input/intro-notes input/translations  defaulted=0
2026-09-03T17:41:30Z  INFO   5.4  fql-scan  target  path=input/pagecontent  kind=dir  files=21
2026-09-03T17:41:30Z  INFO   5.4  fql-scan  target  path=input/intro-notes  kind=dir  files=57
2026-09-03T17:41:30Z  INFO   5.4  fql-scan  target  path=input/translations  kind=dir  files=79
2026-09-03T17:41:33Z  INFO   5.4  fql-scan  finding  at=input/pagecontent/anwendungsszenarien.md:80  [tabs]
    found:  <table class="tbl">
    action: <tabs>/<tab> (rendering/XML/JSON): replace with the matching {% include %} fragments.
2026-09-03T17:41:33Z  INFO   5.4  fql-scan  finding  at=input/pagecontent/anwendungsszenarien.md:269  [tabs]
    found:  </table>
    action: <tabs>/<tab> (rendering/XML/JSON): replace with the matching {% include %} fragments.
2026-09-03T17:41:33Z  INFO   5.4  fql-scan  finding  at=input/pagecontent/anwendungsszenarien.md:285  [tabs]
    found:  <table class="tbl">
    action: <tabs>/<tab> (rendering/XML/JSON): replace with the matching {% include %} fragments.
2026-09-03T17:41:33Z  INFO   5.4  fql-scan  finding  at=input/pagecontent/anwendungsszenarien.md:424  [tabs]
    found:  </table>
    action: <tabs>/<tab> (rendering/XML/JSON): replace with the matching {% include %} fragments.
2026-09-03T17:41:33Z  INFO   5.4  fql-scan  finding  at=input/pagecontent/anwendungsszenarien.md:428  [tabs]
    found:  <table class="tbl">
    action: <tabs>/<tab> (rendering/XML/JSON): replace with the matching {% include %} fragments.
2026-09-03T17:41:33Z  INFO   5.4  fql-scan  finding  at=input/pagecontent/anwendungsszenarien.md:490  [tabs]
    found:  </table>
    action: <tabs>/<tab> (rendering/XML/JSON): replace with the matching {% include %} fragments.
2026-09-03T17:41:33Z  INFO   5.4  fql-scan  finding  at=input/pagecontent/anwendungsszenarien.md:494  [tabs]
    found:  <table class="tbl">
    action: <tabs>/<tab> (rendering/XML/JSON): replace with the matching {% include %} fragments.
2026-09-03T17:41:33Z  INFO   5.4  fql-scan  finding  at=input/pagecontent/anwendungsszenarien.md:535  [tabs]
    found:  </table>
    action: <tabs>/<tab> (rendering/XML/JSON): replace with the matching {% include %} fragments.
2026-09-03T17:41:34Z  INFO   5.4  fql-scan  finding  at=input/translations/de/pagecontent/anwendungsszenarien.md:79  [tabs]
    found:  <table class="tbl">
    action: <tabs>/<tab> (rendering/XML/JSON): replace with the matching {% include %} fragments.
2026-09-03T17:41:34Z  INFO   5.4  fql-scan  finding  at=input/translations/de/pagecontent/anwendungsszenarien.md:268  [tabs]
    found:  </table>
    action: <tabs>/<tab> (rendering/XML/JSON): replace with the matching {% include %} fragments.
2026-09-03T17:41:34Z  INFO   5.4  fql-scan  finding  at=input/translations/de/pagecontent/anwendungsszenarien.md:284  [tabs]
    found:  <table class="tbl">
    action: <tabs>/<tab> (rendering/XML/JSON): replace with the matching {% include %} fragments.
2026-09-03T17:41:34Z  INFO   5.4  fql-scan  finding  at=input/translations/de/pagecontent/anwendungsszenarien.md:423  [tabs]
    found:  </table>
    action: <tabs>/<tab> (rendering/XML/JSON): replace with the matching {% include %} fragments.
2026-09-03T17:41:34Z  INFO   5.4  fql-scan  finding  at=input/translations/de/pagecontent/anwendungsszenarien.md:427  [tabs]
    found:  <table class="tbl">
    action: <tabs>/<tab> (rendering/XML/JSON): replace with the matching {% include %} fragments.
2026-09-03T17:41:34Z  INFO   5.4  fql-scan  finding  at=input/translations/de/pagecontent/anwendungsszenarien.md:489  [tabs]
    found:  </table>
    action: <tabs>/<tab> (rendering/XML/JSON): replace with the matching {% include %} fragments.
2026-09-03T17:41:34Z  INFO   5.4  fql-scan  finding  at=input/translations/de/pagecontent/anwendungsszenarien.md:493  [tabs]
    found:  <table class="tbl">
    action: <tabs>/<tab> (rendering/XML/JSON): replace with the matching {% include %} fragments.
2026-09-03T17:41:34Z  INFO   5.4  fql-scan  finding  at=input/translations/de/pagecontent/anwendungsszenarien.md:534  [tabs]
    found:  </table>
    action: <tabs>/<tab> (rendering/XML/JSON): replace with the matching {% include %} fragments.
2026-09-03T17:41:34Z  INFO   5.4  fql-scan  result  mapped=16 unknown=0 files=157 strict=1  exit=1
    Transform per references/fql-crosswalk.md; when in doubt mark TODO:REVIEW.
