2026-09-03T18:25:23Z  INFO   11  verify-migration  params  target=. source=/Users/thome/code/fhir-profiling/tools/migration-mtb/source-dev guide_tree=ImplementationGuide-2026.x-DE rendered=output log=./migration-log/run.log layers=conservation,fidelity,provenance,rendering,log
2026-09-03T18:25:30Z  INFO   11  verify-migration  conservation C1  identisch=1 divergiert=0 nicht_pruefbar=0
2026-09-03T18:25:30Z  INFO   11  verify-migration  conservation C2  identisch=2 divergiert=0 nicht_pruefbar=0
2026-09-03T18:25:30Z  INFO   11  verify-migration  conservation C3  identisch=102 divergiert=0 nicht_pruefbar=0
2026-09-03T18:25:30Z  INFO   11  verify-migration  conservation C4  identisch=6 divergiert=17 nicht_pruefbar=79
2026-09-03T18:25:30Z  WARN   11  verify-migration  verification-divergence: conservation C4  count=17 subjects=BeschreibungvonSzenarienfrdieAnwendungderModule.page.md, CapabilityStatement.page.md, DNPM-Transformation.page.md …
    Each is a row in migration-log/verification-findings.tsv with its evidence and its next action.
2026-09-03T18:25:30Z  WARN   11  verify-migration  not-mechanisable: conservation C4  count=79 subjects=Ablehnungsgrund-Extension.page.md, Antrag-Kostenuebernahme-Claim/Index.page.md, Antrag-Kostenuebernahme/Index.page.md …
    NOT a pass. Each names the human action it needs; they belong in the
    report's decision queue, and the exit status distinguishes them (3).
2026-09-03T18:25:30Z  INFO   11  verify-migration  conservation C5  identisch=3 divergiert=0 nicht_pruefbar=1
2026-09-03T18:25:30Z  WARN   11  verify-migration  not-mechanisable: conservation C5  count=1 subjects=target pages without a source counterpart
    NOT a pass. Each names the human action it needs; they belong in the
    report's decision queue, and the exit status distinguishes them (3).
2026-09-03T18:25:30Z  INFO   11  verify-migration  conservation C6  identisch=75 divergiert=0 nicht_pruefbar=0
2026-09-03T18:25:30Z  INFO   11  verify-migration  conservation C7  identisch=0 divergiert=14 nicht_pruefbar=56
2026-09-03T18:25:30Z  WARN   11  verify-migration  verification-divergence: conservation C7  count=14 subjects=anwendungsszenarien, capability-statements, dnpm-transformation …
    Each is a row in migration-log/verification-findings.tsv with its evidence and its next action.
2026-09-03T18:25:30Z  WARN   11  verify-migration  not-mechanisable: conservation C7  count=56 subjects=Ablehnungsgrund-Extension.page.md, Antrag-Kostenuebernahme-Claim/Index.page.md, Antragsstadium-Extension.page.md …
    NOT a pass. Each names the human action it needs; they belong in the
    report's decision queue, and the exit status distinguishes them (3).
2026-09-03T18:25:30Z  INFO   11  verify-migration  fidelity F1  identisch=9 divergiert=0 nicht_pruefbar=0
2026-09-03T18:25:30Z  INFO   11  verify-migration  fidelity F2  identisch=11 divergiert=0 nicht_pruefbar=4
2026-09-03T18:25:30Z  WARN   11  verify-migration  not-mechanisable: fidelity F2  count=4 subjects=hl7.fhir.uv.crmi, hl7.fhir.uv.extensions.r4, hl7.fhir.uv.xver-r5.r4 …
    NOT a pass. Each names the human action it needs; they belong in the
    report's decision queue, and the exit status distinguishes them (3).
2026-09-03T18:25:30Z  INFO   11  verify-migration  fidelity F3  identisch=2 divergiert=0 nicht_pruefbar=0
2026-09-03T18:25:30Z  INFO   11  verify-migration  fidelity F4  identisch=1 divergiert=0 nicht_pruefbar=0
2026-09-03T18:25:30Z  INFO   11  verify-migration  provenance P1  identisch=1 divergiert=0 nicht_pruefbar=0
2026-09-03T18:25:30Z  INFO   11  verify-migration  provenance P2  identisch=1 divergiert=0 nicht_pruefbar=0
2026-09-03T18:25:30Z  INFO   11  verify-migration  provenance P3  identisch=1 divergiert=0 nicht_pruefbar=1
2026-09-03T18:25:30Z  WARN   11  verify-migration  not-mechanisable: provenance P3  count=1 subjects=IG Publisher currency
    NOT a pass. Each names the human action it needs; they belong in the
    report's decision queue, and the exit status distinguishes them (3).
2026-09-03T18:25:30Z  INFO   11  verify-migration  provenance P4  identisch=0 divergiert=0 nicht_pruefbar=1
2026-09-03T18:25:30Z  WARN   11  verify-migration  not-mechanisable: provenance P4  count=1 subjects=source guide version
    NOT a pass. Each names the human action it needs; they belong in the
    report's decision queue, and the exit status distinguishes them (3).
2026-09-03T18:25:30Z  INFO   11  verify-migration  provenance P5  identisch=1 divergiert=0 nicht_pruefbar=0
2026-09-03T18:25:30Z  INFO   11  verify-migration  rendering R1  identisch=2 divergiert=0 nicht_pruefbar=1
2026-09-03T18:25:30Z  WARN   11  verify-migration  not-mechanisable: rendering R1  count=1 subjects=source-versus-target rendering
    NOT a pass. Each names the human action it needs; they belong in the
    report's decision queue, and the exit status distinguishes them (3).
2026-09-03T18:25:30Z  INFO   11  verify-migration  rendering R2  identisch=0 divergiert=2 nicht_pruefbar=0
2026-09-03T18:25:30Z  WARN   11  verify-migration  verification-divergence: rendering R2  count=2 subjects=output/de id="ig-status" [{{], output/en id="ig-status" [{{]
    Each is a row in migration-log/verification-findings.tsv with its evidence and its next action.
2026-09-03T18:25:30Z  INFO   11  verify-migration  rendering R3  identisch=1 divergiert=0 nicht_pruefbar=0
2026-09-03T18:25:30Z  INFO   11  verify-migration  rendering R4  identisch=0 divergiert=0 nicht_pruefbar=1
2026-09-03T18:25:30Z  WARN   11  verify-migration  not-mechanisable: rendering R4  count=1 subjects=template example links
    NOT a pass. Each names the human action it needs; they belong in the
    report's decision queue, and the exit status distinguishes them (3).
2026-09-03T18:25:30Z  INFO   11  verify-migration  rendering R5  identisch=1 divergiert=0 nicht_pruefbar=0
2026-09-03T18:25:30Z  INFO   11  verify-migration  log L0  identisch=1 divergiert=0 nicht_pruefbar=0
2026-09-03T18:25:30Z  INFO   11  verify-migration  log L1  identisch=1 divergiert=0 nicht_pruefbar=0
2026-09-03T18:25:30Z  INFO   11  verify-migration  log L2  identisch=23 divergiert=0 nicht_pruefbar=2
2026-09-03T18:25:30Z  WARN   11  verify-migration  not-mechanisable: log L2  count=2 subjects=2.1 repo-identity, 5.1d guide-harvest
    NOT a pass. Each names the human action it needs; they belong in the
    report's decision queue, and the exit status distinguishes them (3).
2026-09-03T18:25:30Z  INFO   11  verify-migration  log L3  identisch=1 divergiert=3 nicht_pruefbar=0
2026-09-03T18:25:30Z  WARN   11  verify-migration  verification-divergence: log L3  count=3 subjects=identity field canonical, identity field jurisdiction, identity field title
    Each is a row in migration-log/verification-findings.tsv with its evidence and its next action.
2026-09-03T18:25:30Z  INFO   11  verify-migration  log L4  identisch=1 divergiert=0 nicht_pruefbar=2
2026-09-03T18:25:30Z  WARN   11  verify-migration  not-mechanisable: log L4  count=2 subjects=conversion count, page count
    NOT a pass. Each names the human action it needs; they belong in the
    report's decision queue, and the exit status distinguishes them (3).
2026-09-03T18:25:30Z  WARN   11  verify-migration  result  identisch=247 divergiert=36 nicht_pruefbar=148 findings=./migration-log/verification-findings.tsv markdown=./migration-log/verification.md exit=1
    exit 1 = at least one DIVERGIERT; exit 3 = none, but verification is INCOMPLETE
    because a check could not be mechanised. Neither is a pass.
